
> vite_react_shadcn_ts@0.0.0 build
> vite build

[36mvite v5.4.21 [32mbuilding for production...[36m[39m
transforming...
node.exe : [baseline-
browser-mapping] The 
data in this module 
is over two months 
old.  To ensure 
accurate Baseline 
data, please update: 
`npm i baseline-brows
er-mapping@latest -D`
At line:1 char:1
+ & "C:\Program Files
\nodejs/node.exe" 
"C:\Program 
Files\nodejs/node_mo 
...
+ ~~~~~~~~~~~~~~~~~~~
~~~~~~~~~~~~~~~~~~~~~
~~~~~~~~~~~~~~~~~~~~~
~~~~~~~~
    + CategoryInfo   
           : NotSpe  
  cified: ([baseli   
 ne-brows...ping@    
latest -D`:Strin    
g) [], RemoteExc    
eption
    + FullyQualified 
   ErrorId : Native  
  CommandError
 

A PostCSS plugin did 
not pass the `from` 
option to 
`postcss.parse`. 
This may cause 
imported assets to 
be incorrectly 
transformed. If 
you've recently 
added a PostCSS 
plugin that raised 
this warning, please 
contact the package 
author to fix the 
issue.
[32mÔ£ô[39m 3003 modules transformed.
node_modules/pdfjs-di
st/build/pdf.js 
(1982:23): Use of 
eval in "node_modules
/pdfjs-dist/build/pdf
.js" is strongly 
discouraged as it 
poses security risks 
and may cause issues 
with minification.
rendering chunks...
computing gzip size...
[2mdist/[22m[32mregisterSW.js                           [39m[1m[2m  0.13 kB[22m[1m[22m
[2mdist/[22m[32mmanifest.json                           [39m[1m[2m  1.41 kB[22m[1m[22m[2m Ôöé gzip:   0.51 kB[22m
[2mdist/[22m[32mindex.html                              [39m[1m[2m  5.27 kB[22m[1m[22m[2m Ôöé gzip:   1.74 kB[22m
[2mdist/[22m[32massets/qibla-compass-DGaOfs2X.jpg       [39m[1m[2m 95.53 kB[22m[1m[22m
[2mdist/[22m[35massets/index-CGBm5fxL.css               [39m[1m[2m105.47 kB[22m[1m[22m[2m Ôöé gzip:  17.93 kB[22m
[2mdist/[22m[36massets/minus-DynNHSyn.js                [39m[1m[2m  0.29 kB[22m[1m[22m[2m Ôöé gzip:   0.24 kB[22m
[2mdist/[22m[36massets/circle-dl5Sr05I.js               [39m[1m[2m  0.29 kB[22m[1m[22m[2m Ôöé gzip:   0.24 kB[22m
[2mdist/[22m[36massets/moon-i9JdDVae.js                 [39m[1m[2m  0.31 kB[22m[1m[22m[2m Ôöé gzip:   0.25 kB[22m
[2mdist/[22m[36massets/loader-circle-B4OJxYF9.js        [39m[1m[2m  0.31 kB[22m[1m[22m[2m Ôöé gzip:   0.26 kB[22m
[2mdist/[22m[36massets/navigation-R9hsRrdI.js           [39m[1m[2m  0.32 kB[22m[1m[22m[2m Ôöé gzip:   0.26 kB[22m
[2mdist/[22m[36massets/plus-CmjvLNKI.js                 [39m[1m[2m  0.32 kB[22m[1m[22m[2m Ôöé gzip:   0.26 kB[22m
[2mdist/[22m[36massets/arrow-left-CZKxFO2g.js           [39m[1m[2m  0.33 kB[22m[1m[22m[2m Ôöé gzip:   0.27 kB[22m
[2mdist/[22m[36massets/search-mT8_5mg9.js               [39m[1m[2m  0.34 kB[22m[1m[22m[2m Ôöé gzip:   0.27 kB[22m
[2mdist/[22m[36massets/clock-C4OPocmD.js                [39m[1m[2m  0.35 kB[22m[1m[22m[2m Ôöé gzip:   0.27 kB[22m
[2mdist/[22m[36massets/circle-check-big-D7VTwPM5.js     [39m[1m[2m  0.36 kB[22m[1m[22m[2m Ôöé gzip:   0.28 kB[22m
[2mdist/[22m[36massets/info-CdQ1L6mf.js                 [39m[1m[2m  0.37 kB[22m[1m[22m[2m Ôöé gzip:   0.28 kB[22m
[2mdist/[22m[36massets/rotate-ccw-DvX7qo9D.js           [39m[1m[2m  0.37 kB[22m[1m[22m[2m Ôöé gzip:   0.29 kB[22m
[2mdist/[22m[36massets/trending-up-CNDUkKXX.js          [39m[1m[2m  0.37 kB[22m[1m[22m[2m Ôöé gzip:   0.28 kB[22m
[2mdist/[22m[36massets/bell-CMnJrbHM.js                 [39m[1m[2m  0.38 kB[22m[1m[22m[2m Ôöé gzip:   0.29 kB[22m
[2mdist/[22m[36massets/circle-alert-BSoCgul2.js         [39m[1m[2m  0.42 kB[22m[1m[22m[2m Ôöé gzip:   0.29 kB[22m
[2mdist/[22m[36massets/external-link-BP37-t7m.js        [39m[1m[2m  0.42 kB[22m[1m[22m[2m Ôöé gzip:   0.30 kB[22m
[2mdist/[22m[36massets/map-pin-Dch9Pl-h.js              [39m[1m[2m  0.42 kB[22m[1m[22m[2m Ôöé gzip:   0.32 kB[22m
[2mdist/[22m[36massets/award-BKNGrUYV.js                [39m[1m[2m  0.44 kB[22m[1m[22m[2m Ôöé gzip:   0.33 kB[22m
[2mdist/[22m[36massets/flame-Cm2bD43A.js                [39m[1m[2m  0.45 kB[22m[1m[22m[2m Ôöé gzip:   0.33 kB[22m
[2mdist/[22m[36massets/share-2-CJrJUgHX.js              [39m[1m[2m  0.52 kB[22m[1m[22m[2m Ôöé gzip:   0.34 kB[22m
[2mdist/[22m[36massets/trash-2-B01fcKTe.js              [39m[1m[2m  0.53 kB[22m[1m[22m[2m Ôöé gzip:   0.35 kB[22m
[2mdist/[22m[36massets/label-D7Gdx5Is.js                [39m[1m[2m  0.55 kB[22m[1m[22m[2m Ôöé gzip:   0.38 kB[22m
[2mdist/[22m[36massets/input-mbAet7Xl.js                [39m[1m[2m  0.58 kB[22m[1m[22m[2m Ôöé gzip:   0.36 kB[22m
[2mdist/[22m[36massets/qaza-tracker-DJ92SfqE.js         [39m[1m[2m  0.58 kB[22m[1m[22m[2m Ôöé gzip:   0.31 kB[22m
[2mdist/[22m[36massets/NotFound-BGLl1iQC.js             [39m[1m[2m  0.62 kB[22m[1m[22m[2m Ôöé gzip:   0.38 kB[22m
[2mdist/[22m[36massets/badge-DksHZF7V.js                [39m[1m[2m  0.71 kB[22m[1m[22m[2m Ôöé gzip:   0.37 kB[22m
[2mdist/[22m[36massets/AppBar-BbyU294S.js               [39m[1m[2m  0.95 kB[22m[1m[22m[2m Ôöé gzip:   0.49 kB[22m
[2mdist/[22m[36massets/prayer-end-times-BILmp2y9.js     [39m[1m[2m  1.04 kB[22m[1m[22m[2m Ôöé gzip:   0.51 kB[22m
[2mdist/[22m[36massets/LoadingSkeleton-S-yL5v-g.js      [39m[1m[2m  1.13 kB[22m[1m[22m[2m Ôöé gzip:   0.50 kB[22m
[2mdist/[22m[36massets/storage-Bq4-ygnh.js              [39m[1m[2m  1.65 kB[22m[1m[22m[2m Ôöé gzip:   0.77 kB[22m
[2mdist/[22m[36massets/progress-BUbgHbeG.js             [39m[1m[2m  1.90 kB[22m[1m[22m[2m Ôöé gzip:   0.95 kB[22m
[2mdist/[22m[36massets/salah-tracker-D8b9y9Zb.js        [39m[1m[2m  2.25 kB[22m[1m[22m[2m Ôöé gzip:   0.88 kB[22m
[2mdist/[22m[36massets/location-state-CDBYXUCN.js       [39m[1m[2m  2.46 kB[22m[1m[22m[2m Ôöé gzip:   1.21 kB[22m
[2mdist/[22m[36massets/quran-font-manager-oGthgwOb.js   [39m[1m[2m  2.62 kB[22m[1m[22m[2m Ôöé gzip:   1.21 kB[22m
[2mdist/[22m[36massets/WeeklySalahChart-DRLfiR14.js     [39m[1m[2m  3.31 kB[22m[1m[22m[2m Ôöé gzip:   1.27 kB[22m
[2mdist/[22m[36massets/web-SvetDTB0.js                  [39m[1m[2m  3.46 kB[22m[1m[22m[2m Ôöé gzip:   1.11 kB[22m
[2mdist/[22m[36massets/Tasbeeh-iivYHaRV.js              [39m[1m[2m  3.67 kB[22m[1m[22m[2m Ôöé gzip:   1.42 kB[22m
[2mdist/[22m[36massets/Quran-iiQFmC_K.js                [39m[1m[2m  3.80 kB[22m[1m[22m[2m Ôöé gzip:   1.33 kB[22m
[2mdist/[22m[36massets/LiveStreams-D2zinJrA.js          [39m[1m[2m  3.91 kB[22m[1m[22m[2m Ôöé gzip:   1.19 kB[22m
[2mdist/[22m[36massets/SalahTracker-BNeGkdne.js         [39m[1m[2m  4.12 kB[22m[1m[22m[2m Ôöé gzip:   1.68 kB[22m
[2mdist/[22m[36massets/QuranRadio-KSrLC6o6.js           [39m[1m[2m  4.27 kB[22m[1m[22m[2m Ôöé gzip:   1.62 kB[22m
[2mdist/[22m[36massets/radio-stations-q-Dtyuri.js       [39m[1m[2m  4.29 kB[22m[1m[22m[2m Ôöé gzip:   1.81 kB[22m
[2mdist/[22m[36massets/Hadith-BLRAW0EI.js               [39m[1m[2m  6.11 kB[22m[1m[22m[2m Ôöé gzip:   2.32 kB[22m
[2mdist/[22m[36massets/Qibla-DY-4MC-O.js                [39m[1m[2m  6.62 kB[22m[1m[22m[2m Ôöé gzip:   2.27 kB[22m
[2mdist/[22m[36massets/QazaPage-CqZouRZB.js             [39m[1m[2m  6.77 kB[22m[1m[22m[2m Ôöé gzip:   2.29 kB[22m
[2mdist/[22m[36massets/PrayerStats-BwNzM3lm.js          [39m[1m[2m  7.43 kB[22m[1m[22m[2m Ôöé gzip:   2.25 kB[22m
[2mdist/[22m[36massets/NotificationHistory-9NGTr2cw.js  [39m[1m[2m  7.71 kB[22m[1m[22m[2m Ôöé gzip:   2.52 kB[22m
[2mdist/[22m[36massets/PrayerTimesList-DmIPEtba.js      [39m[1m[2m  7.72 kB[22m[1m[22m[2m Ôöé gzip:   2.29 kB[22m
[2mdist/[22m[36massets/GlobalRadioPlayer-DGoY7old.js    [39m[1m[2m  7.79 kB[22m[1m[22m[2m Ôöé gzip:   2.77 kB[22m
[2mdist/[22m[36massets/PrayerCountdown-DLp93rrI.js      [39m[1m[2m  7.85 kB[22m[1m[22m[2m Ôöé gzip:   2.52 kB[22m
[2mdist/[22m[36massets/slider-CIYaKndg.js               [39m[1m[2m  8.24 kB[22m[1m[22m[2m Ôöé gzip:   3.34 kB[22m
[2mdist/[22m[36massets/RamadanMode-Bi3tJFr1.js          [39m[1m[2m  9.58 kB[22m[1m[22m[2m Ôöé gzip:   2.83 kB[22m
[2mdist/[22m[36massets/IslamicQuiz-2rJMJNqT.js          [39m[1m[2m 10.43 kB[22m[1m[22m[2m Ôöé gzip:   3.60 kB[22m
[2mdist/[22m[36massets/IslamicCalendar-F5DIbkbK.js      [39m[1m[2m 11.09 kB[22m[1m[22m[2m Ôöé gzip:   3.33 kB[22m
[2mdist/[22m[36massets/scroll-area-BMT8j9Od.js          [39m[1m[2m 12.46 kB[22m[1m[22m[2m Ôöé gzip:   3.92 kB[22m
[2mdist/[22m[36massets/prayer-calculator-A77tatk-.js    [39m[1m[2m 14.66 kB[22m[1m[22m[2m Ôöé gzip:   5.12 kB[22m
[2mdist/[22m[36massets/hadith-Cs4JodsM.js               [39m[1m[2m 14.84 kB[22m[1m[22m[2m Ôöé gzip:   5.78 kB[22m
[2mdist/[22m[36massets/HabitTracker-Sfc3mQXz.js         [39m[1m[2m 15.80 kB[22m[1m[22m[2m Ôöé gzip:   4.92 kB[22m
[2mdist/[22m[36massets/Duas-y0yJQm4N.js                 [39m[1m[2m 16.13 kB[22m[1m[22m[2m Ôöé gzip:   6.14 kB[22m
[2mdist/[22m[36massets/SurahDetail-CyKuFM7g.js          [39m[1m[2m 16.38 kB[22m[1m[22m[2m Ôöé gzip:   5.37 kB[22m
[2mdist/[22m[36massets/NamesOfAllah-Ctm_z77Z.js         [39m[1m[2m 17.41 kB[22m[1m[22m[2m Ôöé gzip:   5.10 kB[22m
[2mdist/[22m[36massets/ZakatCalculator-BkqjNwRo.js      [39m[1m[2m 24.49 kB[22m[1m[22m[2m Ôöé gzip:   7.78 kB[22m
[2mdist/[22m[36massets/Profile-CNCL7C0L.js              [39m[1m[2m 29.82 kB[22m[1m[22m[2m Ôöé gzip:   9.31 kB[22m
[2mdist/[22m[36massets/ebooks-storage-YawLKD67.js       [39m[1m[2m 32.45 kB[22m[1m[22m[2m Ôöé gzip:  10.81 kB[22m
[2mdist/[22m[36massets/Dashboard-DFDVim1h.js            [39m[1m[2m 46.94 kB[22m[1m[22m[2m Ôöé gzip:  14.70 kB[22m
[2mdist/[22m[36massets/index-hlIA0VmQ.js                [39m[1m[2m136.08 kB[22m[1m[22m[2m Ôöé gzip:  31.11 kB[22m
[2mdist/[22m[36massets/BarChart-VrpZbA03.js             [39m[1m[2m368.03 kB[22m[1m[22m[2m Ôöé gzip: 102.15 kB[22m
[2mdist/[22m[36massets/Ebooks-BrIswyXo.js               [39m[1m[2m445.42 kB[22m[1m[22m[2m Ôöé gzip: 120.21 kB[22m
[2mdist/[22m[36massets/index-BB48DX7U.js                [39m[1m[33m581.35 kB[39m[22m[2m Ôöé gzip: 184.05 kB[22m
[33m
(!) Some chunks are 
larger than 500 kB 
after minification. 
Consider:
- Using dynamic 
import() to 
code-split the 
application
- Use build.rollupOpt
ions.output.manualChu
nks to improve 
chunking: https://rol
lupjs.org/configurati
on-options/#output-ma
nualchunks
- Adjust chunk size 
limit for this 
warning via build.chu
nkSizeWarningLimit.[
39m
[32mÔ£ô built in 17.64s[39m

PWA v1.1.0
Building src/sw.js service worker ("es" format)...
[36mvite v5.4.21 [32mbuilding for production...[36m[39m
transforming...
[32mÔ£ô[39m 53 modules transformed.
rendering chunks...
computing gzip size...
[2mdist/[22m[36msw.mjs  [39m[1m[2m21.80 kB[22m[1m[22m[2m Ôöé gzip: 7.35 kB[22m
[32mÔ£ô built in 323ms[39m
[31merror during 
build:
AssertionError 
[ERR_ASSERTION]: 
Please ensure that 
your 'swSrc' file 
contains only one 
match for the 
following: 
self.__WB_MANIFEST
    at 
injectManifest (C:\Us
ers\urooj\Videos\Noor
-connect\node_modules
\workbox-build\build\
inject-manifest.js:81
:26)
    at async buildSW 
(file:///C:/Users/uro
oj/Videos/Noor-connec
t/node_modules/vite-p
lugin-pwa/dist/vite-b
uild-BGK4YAIU.js:49:2
3)
    at async generate
InjectManifest (file:
///C:/Users/urooj/Vid
eos/Noor-connect/node
_modules/vite-plugin-
pwa/dist/index.js:224
:3)
    at async 
_generateSW (file:///
C:/Users/urooj/Videos
/Noor-connect/node_mo
dules/vite-plugin-pwa
/dist/index.js:232:5)
    at async 
Object.handler (file:
///C:/Users/urooj/Vid
eos/Noor-connect/node
_modules/vite-plugin-
pwa/dist/index.js:427
:13)
    at async PluginDr
iver.hookParallel (fi
le:///C:/Users/urooj/
Videos/Noor-connect/n
ode_modules/vite/node
_modules/rollup/dist/
es/shared/node-entry.
js:22475:17)
    at async 
Object.close (file://
/C:/Users/urooj/Video
s/Noor-connect/node_m
odules/vite/node_modu
les/rollup/dist/es/sh
ared/node-entry.js:23
494:13)
    at async build (f
ile:///C:/Users/urooj
/Videos/Noor-connect/
node_modules/vite/dis
t/node/chunks/dep-BK3
b2jBa.js:65732:17)
    at async 
CAC.<anonymous> (file
:///C:/Users/urooj/Vi
deos/Noor-connect/nod
e_modules/vite/dist/n
ode/cli.js:829:5)[39
m
